OTS 零部件认可测试报告
================================================================================

零件号: OTS-2026-001
零件名称: 前副车架焊接总成
测试类型: DV (Design Verification)
测试日期: 2026-05-15
测试结论: PASS
实验室: 国家汽车零部件质量监督检验中心
测试标准: GB/T 1234.5-2023

--- 材料分析 ---
基材: Q345B (GB/T 1591-2018)
焊接材料: ER50-6

--- 力学性能 ---
抗拉强度: 520 MPa (标准要求 ≥ 480 MPa)
屈服强度: 355 MPa
延伸率: 22%
硬度: HB 180

--- 尺寸检测 ---
关键尺寸全部合格，详见附表A

--- 无损检测 ---
超声波探伤: 合格
磁粉探伤: 合格

--- 盐雾试验 ---
96小时中性盐雾试验: 无红锈

结论: 所有测试项目均符合设计要求和相关标准。
================================================================================
报告日期: 2026-05-20      报告人: 张三      审核: 李四
